
> ai-team-dashboard@1.0.0 test:run
> vitest run


[1m[46m RUN [49m[22m [36mv4.0.18 [39m[90m/root/.openclaw/workspace/app[39m

[90mstderr[2m | __tests__/PieChart.test.tsx[2m > [22m[2mPieChart Component[2m > [22m[2mBasic Rendering[2m > [22m[2mrenders without crashing
[22m[39mReceived `true` for a non-boolean attribute `jsx`.

If you want to write it to the DOM, pass a string instead: jsx="true" or jsx={value.toString()}.

[90mstderr[2m | __tests__/PieChart.test.tsx[2m > [22m[2mPieChart Component[2m > [22m[2mData Re-rendering[2m > [22m[2mrecalculates percentages on data change
[22m[39mg: `key` is not a prop. Trying to access it will result in `undefined` being returned. If you need to access the same value within the child component, you should pass it as a different prop. (https://react.dev/link/special-props)

Not implemented: navigation to another Document
[90mstderr[2m | __tests__/PieChart.test.tsx[2m > [22m[2mPieChart Component[2m > [22m[2mError Boundary[2m > [22m[2mhandles invalid data gracefully
[22m[39mTypeError: Cannot read properties of null (reading 'reduce')
    at [90m/root/.openclaw/workspace/app/[39mcomponents/charts/PieChart.tsx:47:36
    at mountMemo [90m(/root/.openclaw/workspace/app/[39mnode_modules/[4mreact-dom[24m/cjs/react-dom-client.development.js:8777:23[90m)[39m
    at Object.useMemo [90m(/root/.openclaw/workspace/app/[39mnode_modules/[4mreact-dom[24m/cjs/react-dom-client.development.js:26216:18[90m)[39m
    at process.env.NODE_ENV.exports.useMemo [90m(/root/.openclaw/workspace/app/[39mnode_modules/[4mreact[24m/cjs/react.development.js:1251:34[90m)[39m
    at PieChartComponent [90m(/root/.openclaw/workspace/app/[39mcomponents/charts/PieChart.tsx:47:17[90m)[39m
    at Object.react_stack_bottom_frame [90m(/root/.openclaw/workspace/app/[39mnode_modules/[4mreact-dom[24m/cjs/react-dom-client.development.js:25904:20[90m)[39m
    at renderWithHooks [90m(/root/.openclaw/workspace/app/[39mnode_modules/[4mreact-dom[24m/cjs/react-dom-client.development.js:7662:22[90m)[39m
    at updateFunctionComponent [90m(/root/.openclaw/workspace/app/[39mnode_modules/[4mreact-dom[24m/cjs/react-dom-client.development.js:10166:19[90m)[39m
    at updateSimpleMemoComponent [90m(/root/.openclaw/workspace/app/[39mnode_modules/[4mreact-dom[24m/cjs/react-dom-client.development.js:9830:14[90m)[39m
    at updateMemoComponent [90m(/root/.openclaw/workspace/app/[39mnode_modules/[4mreact-dom[24m/cjs/react-dom-client.development.js:9763:13[90m)[39m {
  [stack]: [36m[Getter/Setter][39m,
  [message]: [32m"Cannot read properties of null (reading 'reduce')"[39m
}

The above error occurred in the <PieChartComponent> component.

React will try to recreate this component tree from scratch using the error boundary you provided, TestErrorBoundary.


 [31m❯[39m __tests__/PieChart.test.tsx [2m([22m[2m46 tests[22m[2m | [22m[31m3 failed[39m[2m)[22m[33m 857[2mms[22m[39m
       [32m✓[39m renders without crashing[32m 178[2mms[22m[39m
       [32m✓[39m renders all data labels in legend[32m 41[2mms[22m[39m
       [32m✓[39m renders subtitle when provided[32m 35[2mms[22m[39m
       [32m✓[39m renders SVG element[32m 14[2mms[22m[39m
       [32m✓[39m renders path segments for each data point[32m 24[2mms[22m[39m
       [32m✓[39m applies custom size prop[32m 10[2mms[22m[39m
       [32m✓[39m applies default size of 200[32m 14[2mms[22m[39m
       [32m✓[39m applies custom colors from data[32m 14[2mms[22m[39m
       [32m✓[39m generates default colors when not provided[32m 33[2mms[22m[39m
       [32m✓[39m respects showLabels prop[32m 35[2mms[22m[39m
       [32m✓[39m respects showPercentage prop[32m 37[2mms[22m[39m
       [32m✓[39m respects animate prop[32m 10[2mms[22m[39m
       [32m✓[39m applies donut mode when donut=true[32m 10[2mms[22m[39m
       [32m✓[39m applies custom donutWidth[32m 10[2mms[22m[39m
       [32m✓[39m updates when data changes[32m 48[2mms[22m[39m
       [32m✓[39m updates total when values change[32m 16[2mms[22m[39m
[31m       [31m×[31m recalculates percentages on data change[39m[32m 35[2mms[22m[39m
       [32m✓[39m renders without crashing with empty data[32m 13[2mms[22m[39m
       [32m✓[39m handles zero total gracefully[32m 6[2mms[22m[39m
       [32m✓[39m handles single data point[32m 23[2mms[22m[39m
[31m       [31m×[31m handles data with negative values[39m[32m 20[2mms[22m[39m
       [32m✓[39m handles invalid data gracefully[32m 36[2mms[22m[39m
[31m       [31m×[31m handles undefined values in data[39m[32m 8[2mms[22m[39m
       [32m✓[39m handles missing label gracefully[32m 6[2mms[22m[39m
       [32m✓[39m handles hover on segments[32m 21[2mms[22m[39m
       [32m✓[39m handles hover on legend items[32m 15[2mms[22m[39m
     [32m✓[39m renders as donut by default[32m 16[2mms[22m[39m
     [32m✓[39m shows total in center[32m 10[2mms[22m[39m
     [32m✓[39m accepts custom size[32m 5[2mms[22m[39m
     [32m✓[39m handles empty data[32m 2[2mms[22m[39m
       [32m✓[39m renders without crashing[32m 3[2mms[22m[39m
       [32m✓[39m displays current value[32m 5[2mms[22m[39m
       [32m✓[39m displays unit[32m 7[2mms[22m[39m
       [32m✓[39m renders subtitle when provided[32m 7[2mms[22m[39m
       [32m✓[39m renders SVG element[32m 6[2mms[22m[39m
       [32m✓[39m applies custom size[32m 11[2mms[22m[39m
       [32m✓[39m applies custom color[32m 7[2mms[22m[39m
       [32m✓[39m hides value when showValue=false[32m 19[2mms[22m[39m
       [32m✓[39m applies threshold colors correctly[32m 9[2mms[22m[39m
       [32m✓[39m renders threshold legend when provided[32m 7[2mms[22m[39m
       [32m✓[39m updates display when value changes[32m 6[2mms[22m[39m
       [32m✓[39m clamps value to 0 when negative[32m 3[2mms[22m[39m
       [32m✓[39m handles value greater than max[32m 3[2mms[22m[39m
       [32m✓[39m handles zero value[32m 3[2mms[22m[39m
       [32m✓[39m handles zero max[32m 4[2mms[22m[39m
       [32m✓[39m handles equal value and max[32m 3[2mms[22m[39m
Not implemented: Window's alert() method
 [31m❯[39m __tests__/ErrorBoundary.test.tsx [2m([22m[2m27 tests[22m[2m | [22m[31m1 failed[39m[2m)[22m[33m 793[2mms[22m[39m
     [32m✓[39m renders children when no error[32m 80[2mms[22m[39m
     [32m✓[39m renders fallback when provided and error occurs[32m 39[2mms[22m[39m
     [32m✓[39m catches render errors and displays error UI[32m 18[2mms[22m[39m
     [32m✓[39m calls onError callback when error occurs[32m 12[2mms[22m[39m
[31m     [31m×[31m displays error boundary name in dev mode[39m[32m 23[2mms[22m[39m
     [32m✓[39m classifies network errors correctly[32m 8[2mms[22m[39m
     [32m✓[39m classifies timeout errors as network errors[32m 7[2mms[22m[39m
     [32m✓[39m classifies render errors as render errors[32m 8[2mms[22m[39m
     [32m✓[39m shows retry button when can retry[32m 7[2mms[22m[39m
     [32m✓[39m calls onRetry when retry button clicked[32m 20[2mms[22m[39m
     [32m✓[39m shows retry count after retry[32m 19[2mms[22m[39m
     [32m✓[39m hides retry button when max retries reached[32m 7[2mms[22m[39m
     [32m✓[39m has refresh button[32m 9[2mms[22m[39m
     [32m✓[39m has go home button[32m 17[2mms[22m[39m
     [32m✓[39m refresh button exists and is clickable[32m 14[2mms[22m[39m
     [32m✓[39m go home button navigates to root[32m 9[2mms[22m[39m
     [33m[2m✓[22m[39m has role="alert" for error message [33m 312[2mms[22m[39m
     [32m✓[39m has aria-live="assertive" for screen readers[32m 44[2mms[22m[39m
     [32m✓[39m wraps component with error boundary[32m 4[2mms[22m[39m
     [32m✓[39m catches errors in wrapped component[32m 17[2mms[22m[39m
     [32m✓[39m passes error boundary props[32m 7[2mms[22m[39m
     [32m✓[39m preserves component displayName[32m 0[2mms[22m[39m
     [32m✓[39m has copy error button when showDetails is true[32m 41[2mms[22m[39m
     [32m✓[39m copies error info to clipboard[32m 18[2mms[22m[39m
     [32m✓[39m handles null error gracefully[32m 5[2mms[22m[39m
     [32m✓[39m handles showDetails prop correctly[32m 17[2mms[22m[39m
     [32m✓[39m renders correctly without name prop[32m 20[2mms[22m[39m
 [31m❯[39m __tests__/Dashboard.test.tsx [2m([22m[2m11 tests[22m[2m | [22m[31m9 failed[39m[2m)[22m[32m 207[2mms[22m[39m
     [32m✓[39m renders loading state initially[32m 54[2mms[22m[39m
[31m     [31m×[31m renders dashboard after data loads[39m[32m 32[2mms[22m[39m
[31m     [31m×[31m displays stats cards[39m[32m 12[2mms[22m[39m
[31m     [31m×[31m displays team members section[39m[32m 12[2mms[22m[39m
[31m     [31m×[31m displays task board section[39m[32m 16[2mms[22m[39m
[31m     [31m×[31m displays activity log section[39m[32m 9[2mms[22m[39m
[31m     [31m×[31m displays contribution chart section[39m[32m 12[2mms[22m[39m
     [32m✓[39m handles fetch error gracefully[32m 35[2mms[22m[39m
[31m     [31m×[31m has refresh button[39m[32m 10[2mms[22m[39m
[31m     [31m×[31m shows auto-refresh interval[39m[32m 7[2mms[22m[39m
[31m     [31m×[31m displays progress bar section[39m[32m 6[2mms[22m[39m
 [31m❯[39m __tests__/Navigation.test.tsx [2m([22m[2m10 tests[22m[2m | [22m[31m2 failed[39m[2m)[22m[33m 1168[2mms[22m[39m
     [33m[2m✓[22m[39m renders navigation component [33m 524[2mms[22m[39m
     [32m✓[39m has correct aria-label[32m 115[2mms[22m[39m
[31m     [31m×[31m renders all navigation items[39m[32m 91[2mms[22m[39m
[31m     [31m×[31m renders navigation labels[39m[32m 52[2mms[22m[39m
     [32m✓[39m renders logo with correct aria-label[32m 34[2mms[22m[39m
     [32m✓[39m renders notification button[32m 28[2mms[22m[39m
     [32m✓[39m renders settings button[32m 28[2mms[22m[39m
     [32m✓[39m highlights current page[32m 28[2mms[22m[39m
     [32m✓[39m has menuitem roles[32m 245[2mms[22m[39m
     [32m✓[39m has proper keyboard navigation data attributes[32m 17[2mms[22m[39m
 [31m❯[39m lib/export.test.ts [2m([22m[2m11 tests[22m[2m | [22m[31m5 failed[39m[2m)[22m[32m 35[2mms[22m[39m
[31m       [31m×[31m should export tasks to CSV format[39m[32m 11[2mms[22m[39m
       [32m✓[39m should handle empty task list[32m 1[2mms[22m[39m
       [32m✓[39m should include CSV headers[32m 1[2mms[22m[39m
[31m       [31m×[31m should export tasks to JSON format[39m[32m 2[2mms[22m[39m
[31m       [31m×[31m should serialize tasks correctly[39m[32m 9[2mms[22m[39m
       [32m✓[39m should handle empty task list[32m 1[2mms[22m[39m
[31m       [31m×[31m should export tasks to PDF format[39m[32m 3[2mms[22m[39m
[31m       [31m×[31m should handle empty task list[39m[32m 1[2mms[22m[39m
       [32m✓[39m should export tasks to Excel format[32m 1[2mms[22m[39m
       [32m✓[39m should handle empty task list[32m 1[2mms[22m[39m
       [32m✓[39m should have valid export formats[32m 1[2mms[22m[39m
 [31m❯[39m __tests__/RealtimeChart.test.tsx [2m([22m[2m11 tests[22m[2m | [22m[31m6 failed[39m[2m)[22m[33m 324[2mms[22m[39m
[31m     [31m×[31m renders chart with title[39m[32m 168[2mms[22m[39m
[31m     [31m×[31m shows realtime indicator[39m[32m 12[2mms[22m[39m
[31m     [31m×[31m displays current value label[39m[32m 19[2mms[22m[39m
[31m     [31m×[31m renders canvas element[39m[32m 14[2mms[22m[39m
[31m     [31m×[31m accepts custom props[39m[32m 31[2mms[22m[39m
[31m     [31m×[31m supports different colors[39m[32m 23[2mms[22m[39m
     [32m✓[39m renders sparkline with data[32m 32[2mms[22m[39m
     [32m✓[39m accepts custom dimensions[32m 6[2mms[22m[39m
     [32m✓[39m supports different colors[32m 11[2mms[22m[39m
     [32m✓[39m handles empty data gracefully[32m 3[2mms[22m[39m
     [32m✓[39m handles single data point[32m 3[2mms[22m[39m
[90mstderr[2m | lib/performance/performance.test.ts[2m > [22m[2mPerformance Module[2m > [22m[2musePerformance hook[2m > [22m[2mshould provide performance metrics
[22m[39mInvalid hook call. Hooks can only be called inside of the body of a function component. This could happen for one of the following reasons:
1. You might have mismatching versions of React and the renderer (such as React DOM)
2. You might be breaking the Rules of Hooks
3. You might have more than one copy of React in the same app
See https://react.dev/link/invalid-hook-call for tips about how to debug and fix this problem.

 [31m❯[39m lib/performance/performance.test.ts [2m([22m[2m4 tests[22m[2m | [22m[31m2 failed[39m[2m)[22m[32m 54[2mms[22m[39m
       [32m✓[39m should be defined[32m 8[2mms[22m[39m
[31m       [31m×[31m should provide performance metrics[39m[32m 27[2mms[22m[39m
       [32m✓[39m should measure render performance[32m 4[2mms[22m[39m
[31m       [31m×[31m should track FPS[39m[32m 3[2mms[22m[39m
 [31m❯[39m lib/error-reporter.test.ts [2m([22m[2m15 tests[22m[2m | [22m[31m7 failed[39m[2m)[22m[32m 60[2mms[22m[39m
[31m       [31m×[31m should report error with string[39m[32m 18[2mms[22m[39m
[31m       [31m×[31m should report error with Error object[39m[32m 4[2mms[22m[39m
[31m       [31m×[31m should report error with metadata[39m[32m 6[2mms[22m[39m
       [32m✓[39m should set up unhandled rejection handler[32m 6[2mms[22m[39m
       [32m✓[39m should set up global error handler[32m 7[2mms[22m[39m
[31m       [31m×[31m should report API error[39m[32m 2[2mms[22m[39m
[31m       [31m×[31m should report API error with metadata[39m[32m 6[2mms[22m[39m
[31m       [31m×[31m should report network error[39m[32m 4[2mms[22m[39m
[31m       [31m×[31m should report network error with metadata[39m[32m 3[2mms[22m[39m
       [32m✓[39m should set Sentry user[32m 1[2mms[22m[39m
       [32m✓[39m should clear Sentry user[32m 0[2mms[22m[39m
       [32m✓[39m should set Sentry context[32m 0[2mms[22m[39m
       [32m✓[39m should set Sentry tag[32m 0[2mms[22m[39m
       [32m✓[39m should set Sentry extra[32m 0[2mms[22m[39m
       [32m✓[39m should add Sentry breadcrumb[32m 0[2mms[22m[39m
[90mstderr[2m | __tests__/TaskBoard.test.tsx[2m > [22m[2mTaskBoard - Accessibility[2m > [22m[2mhas listitem role for each task
[22m[39mEncountered two children with the same key, `1`. Keys should be unique so that components maintain their identity across updates. Non-unique keys may cause children to be duplicated and/or omitted — the behavior is unsupported and could change in a future version.

 [32m✓[39m __tests__/Settings.test.tsx [2m([22m[2m13 tests[22m[2m)[22m[33m 1449[2mms[22m[39m
     [33m[2m✓[22m[39m display setting toggles work [33m 546[2mms[22m[39m
     [33m[2m✓[22m[39m has proper accessibility attributes [33m 313[2mms[22m[39m
 [32m✓[39m __tests__/TaskBoard.test.tsx [2m([22m[2m56 tests[22m[2m)[22m[33m 2516[2mms[22m[39m
     [33m[2m✓[22m[39m renders the filter dropdown [33m 396[2mms[22m[39m
     [33m[2m✓[22m[39m handles large number of issues [33m 328[2mms[22m[39m
 [32m✓[39m __tests__/Loading.test.tsx [2m([22m[2m30 tests[22m[2m)[22m[33m 860[2mms[22m[39m
     [33m[2m✓[22m[39m renders with default props [33m 345[2mms[22m[39m
[90mstderr[2m | __tests__/ContributionChart.test.tsx[2m > [22m[2mContributionChart - Calculations[2m > [22m[2mcalculates percentage correctly
[22m[39mEncountered two children with the same key, `test-1`. Keys should be unique so that components maintain their identity across updates. Non-unique keys may cause children to be duplicated and/or omitted — the behavior is unsupported and could change in a future version.
Encountered two children with the same key, `test-1`. Keys should be unique so that components maintain their identity across updates. Non-unique keys may cause children to be duplicated and/or omitted — the behavior is unsupported and could change in a future version.

[90mstderr[2m | __tests__/ContributionChart.test.tsx[2m > [22m[2mContributionChart - Calculations[2m > [22m[2mhandles zero max score gracefully
[22m[39mEncountered two children with the same key, `test-1`. Keys should be unique so that components maintain their identity across updates. Non-unique keys may cause children to be duplicated and/or omitted — the behavior is unsupported and could change in a future version.
Encountered two children with the same key, `test-1`. Keys should be unique so that components maintain their identity across updates. Non-unique keys may cause children to be duplicated and/or omitted — the behavior is unsupported and could change in a future version.

[90mstderr[2m | __tests__/ContributionChart.test.tsx[2m > [22m[2mContributionChart - Calculations[2m > [22m[2mcalculates average contribution correctly
[22m[39mEncountered two children with the same key, `test-1`. Keys should be unique so that components maintain their identity across updates. Non-unique keys may cause children to be duplicated and/or omitted — the behavior is unsupported and could change in a future version.
Encountered two children with the same key, `test-1`. Keys should be unique so that components maintain their identity across updates. Non-unique keys may cause children to be duplicated and/or omitted — the behavior is unsupported and could change in a future version.
Encountered two children with the same key, `test-1`. Keys should be unique so that components maintain their identity across updates. Non-unique keys may cause children to be duplicated and/or omitted — the behavior is unsupported and could change in a future version.
Encountered two children with the same key, `test-1`. Keys should be unique so that components maintain their identity across updates. Non-unique keys may cause children to be duplicated and/or omitted — the behavior is unsupported and could change in a future version.

[90mstderr[2m | __tests__/ContributionChart.test.tsx[2m > [22m[2mContributionChart - Calculations[2m > [22m[2mrounds average contribution
[22m[39mEncountered two children with the same key, `test-1`. Keys should be unique so that components maintain their identity across updates. Non-unique keys may cause children to be duplicated and/or omitted — the behavior is unsupported and could change in a future version.
Encountered two children with the same key, `test-1`. Keys should be unique so that components maintain their identity across updates. Non-unique keys may cause children to be duplicated and/or omitted — the behavior is unsupported and could change in a future version.

 [32m✓[39m __tests__/ContributionChart.test.tsx [2m([22m[2m46 tests[22m[2m)[22m[33m 1876[2mms[22m[39m
[90mstderr[2m | __tests__/charts.test.tsx[2m > [22m[2mBarChart[2m > [22m[2mrenders chart with data
[22m[39mReceived `true` for a non-boolean attribute `jsx`.

If you want to write it to the DOM, pass a string instead: jsx="true" or jsx={value.toString()}.

 [32m✓[39m __tests__/charts.test.tsx [2m([22m[2m31 tests[22m[2m)[22m[33m 1337[2mms[22m[39m
     [33m[2m✓[22m[39m renders actions when provided [33m 492[2mms[22m[39m
 [32m✓[39m __tests__/ThemeProvider.test.tsx [2m([22m[2m17 tests[22m[2m)[22m[33m 1040[2mms[22m[39m
       [33m[2m✓[22m[39m should track transitioning state [33m 628[2mms[22m[39m
 [32m✓[39m __tests__/ActivityLog.test.tsx [2m([22m[2m46 tests[22m[2m)[22m[33m 1129[2mms[22m[39m
     [33m[2m✓[22m[39m handles large number of activities [33m 336[2mms[22m[39m
 [32m✓[39m __tests__/LoadingSpinner.test.tsx [2m([22m[2m6 tests[22m[2m)[22m[33m 511[2mms[22m[39m
     [33m[2m✓[22m[39m renders with default size [33m 305[2mms[22m[39m
 [32m✓[39m __tests__/MemberCard.test.tsx [2m([22m[2m39 tests[22m[2m)[22m[33m 361[2mms[22m[39m
 [32m✓[39m __tests__/ProgressBar.test.tsx [2m([22m[2m13 tests[22m[2m)[22m[33m 781[2mms[22m[39m
     [33m[2m✓[22m[39m displays value percentage by default [33m 524[2mms[22m[39m
[90mstderr[2m | __tests__/useDashboardData.test.ts[2m > [22m[2museDashboardData[2m > [22m[2mshould handle fetch errors gracefully
[22m[39mFailed to fetch issues: Error: 仓库 test/repo 不存在
    at [90m/root/.openclaw/workspace/app/[39mhooks/useDashboardData.ts:74:17
    at async Promise.allSettled (index 0)
    at [90m/root/.openclaw/workspace/app/[39mhooks/useDashboardData.ts:169:45
Failed to fetch commits: Error: 仓库 test/repo 不存在
    at [90m/root/.openclaw/workspace/app/[39mhooks/useDashboardData.ts:105:17
    at async Promise.allSettled (index 1)
    at [90m/root/.openclaw/workspace/app/[39mhooks/useDashboardData.ts:169:45

[90mstderr[2m | __tests__/useDashboardData.test.ts[2m > [22m[2museDashboardData[2m > [22m[2mshould refresh data when refreshData is called
[22m[39mAn update to TestComponent inside a test was not wrapped in act(...).

When testing, code that causes React state updates should be wrapped into act(...):

act(() => {
  /* fire events that update state */
});
/* assert on the output */

This ensures that you're testing the behavior the user would see in the browser. Learn more at https://react.dev/link/wrap-tests-with-act
An update to TestComponent inside a test was not wrapped in act(...).

When testing, code that causes React state updates should be wrapped into act(...):

act(() => {
  /* fire events that update state */
});
/* assert on the output */

This ensures that you're testing the behavior the user would see in the browser. Learn more at https://react.dev/link/wrap-tests-with-act

[90mstderr[2m | __tests__/useDashboardData.test.ts[2m > [22m[2museDashboardData[2m > [22m[2mshould refresh data when refreshData is called
[22m[39mAn update to TestComponent inside a test was not wrapped in act(...).

When testing, code that causes React state updates should be wrapped into act(...):

act(() => {
  /* fire events that update state */
});
/* assert on the output */

This ensures that you're testing the behavior the user would see in the browser. Learn more at https://react.dev/link/wrap-tests-with-act
An update to TestComponent inside a test was not wrapped in act(...).

When testing, code that causes React state updates should be wrapped into act(...):

act(() => {
  /* fire events that update state */
});
/* assert on the output */

This ensures that you're testing the behavior the user would see in the browser. Learn more at https://react.dev/link/wrap-tests-with-act

[90mstderr[2m | __tests__/useDashboardData.test.ts[2m > [22m[2museDashboardData[2m > [22m[2mshould refresh data when refreshData is called
[22m[39mAn update to TestComponent inside a test was not wrapped in act(...).

When testing, code that causes React state updates should be wrapped into act(...):

act(() => {
  /* fire events that update state */
});
/* assert on the output */

This ensures that you're testing the behavior the user would see in the browser. Learn more at https://react.dev/link/wrap-tests-with-act
An update to TestComponent inside a test was not wrapped in act(...).

When testing, code that causes React state updates should be wrapped into act(...):

act(() => {
  /* fire events that update state */
});
/* assert on the output */

This ensures that you're testing the behavior the user would see in the browser. Learn more at https://react.dev/link/wrap-tests-with-act

 [32m✓[39m __tests__/useDashboardData.test.ts [2m([22m[2m4 tests[22m[2m)[22m[33m 308[2mms[22m[39m
 [32m✓[39m lib/tasks-repository.test.ts [2m([22m[2m24 tests[22m[2m)[22m[32m 196[2mms[22m[39m
 [32m✓[39m lib/users/__tests__/repository.test.ts [2m([22m[2m14 tests[22m[2m)[22m[32m 63[2mms[22m[39m
 [32m✓[39m __tests__/reports-api.test.ts [2m([22m[2m17 tests[22m[2m)[22m[32m 75[2mms[22m[39m
 [32m✓[39m lib/templates/email.test.ts [2m([22m[2m26 tests[22m[2m)[22m[32m 40[2mms[22m[39m
 [32m✓[39m __tests__/export-api.test.ts [2m([22m[2m10 tests[22m[2m)[22m[32m 41[2mms[22m[39m
 [32m✓[39m lib/templates/__tests__/index.test.ts [2m([22m[2m9 tests[22m[2m)[22m[32m 43[2mms[22m[39m
[90mstderr[2m | app/api/users/__tests__/route.test.ts[2m > [22m[2mUsers API[2m > [22m[2mGET /api/users[2m > [22m[2mshould handle errors
[22m[39mFailed to fetch users: Error: Database error
    at [90m/root/.openclaw/workspace/app/[39mapp/api/users/__tests__/route.test.ts:66:45
    at [90mfile:///root/.openclaw/workspace/app/[39mnode_modules/[4m@vitest/runner[24m/dist/index.js:145:11
    at [90mfile:///root/.openclaw/workspace/app/[39mnode_modules/[4m@vitest/runner[24m/dist/index.js:915:26
    at [90mfile:///root/.openclaw/workspace/app/[39mnode_modules/[4m@vitest/runner[24m/dist/index.js:1243:20
    at new Promise (<anonymous>)
    at runWithTimeout [90m(file:///root/.openclaw/workspace/app/[39mnode_modules/[4m@vitest/runner[24m/dist/index.js:1209:10[90m)[39m
    at [90mfile:///root/.openclaw/workspace/app/[39mnode_modules/[4m@vitest/runner[24m/dist/index.js:1653:37
    at Traces.$ [90m(file:///root/.openclaw/workspace/app/[39mnode_modules/[4mvitest[24m/dist/chunks/traces.CCmnQaNT.js:142:27[90m)[39m
    at trace [90m(file:///root/.openclaw/workspace/app/[39mnode_modules/[4mvitest[24m/dist/chunks/test.B8ej_ZHS.js:239:21[90m)[39m
    at runTest [90m(file:///root/.openclaw/workspace/app/[39mnode_modules/[4m@vitest/runner[24m/dist/index.js:1653:12[90m)[39m

[90mstderr[2m | app/api/users/__tests__/route.test.ts[2m > [22m[2mUsers API[2m > [22m[2mPOST /api/users[2m > [22m[2mshould return 409 if email already exists
[22m[39mFailed to create user: Error: UNIQUE constraint failed: users.email
    at [90m/root/.openclaw/workspace/app/[39mapp/api/users/__tests__/route.test.ts:138:9
    at [90mfile:///root/.openclaw/workspace/app/[39mnode_modules/[4m@vitest/runner[24m/dist/index.js:145:11
    at [90mfile:///root/.openclaw/workspace/app/[39mnode_modules/[4m@vitest/runner[24m/dist/index.js:915:26
    at [90mfile:///root/.openclaw/workspace/app/[39mnode_modules/[4m@vitest/runner[24m/dist/index.js:1243:20
    at new Promise (<anonymous>)
    at runWithTimeout [90m(file:///root/.openclaw/workspace/app/[39mnode_modules/[4m@vitest/runner[24m/dist/index.js:1209:10[90m)[39m
    at [90mfile:///root/.openclaw/workspace/app/[39mnode_modules/[4m@vitest/runner[24m/dist/index.js:1653:37
    at Traces.$ [90m(file:///root/.openclaw/workspace/app/[39mnode_modules/[4mvitest[24m/dist/chunks/traces.CCmnQaNT.js:142:27[90m)[39m
    at trace [90m(file:///root/.openclaw/workspace/app/[39mnode_modules/[4mvitest[24m/dist/chunks/test.B8ej_ZHS.js:239:21[90m)[39m
    at runTest [90m(file:///root/.openclaw/workspace/app/[39mnode_modules/[4m@vitest/runner[24m/dist/index.js:1653:12[90m)[39m

 [32m✓[39m app/api/users/__tests__/route.test.ts [2m([22m[2m6 tests[22m[2m)[22m[32m 54[2mms[22m[39m
 [32m✓[39m lib/templates/__tests__/notification.test.ts [2m([22m[2m32 tests[22m[2m)[22m[32m 45[2mms[22m[39m
 [32m✓[39m __tests__/report-generator.test.ts [2m([22m[2m22 tests[22m[2m)[22m[32m 38[2mms[22m[39m
 [32m✓[39m lib/templates/__tests__/email.test.ts [2m([22m[2m27 tests[22m[2m)[22m[32m 68[2mms[22m[39m
 [32m✓[39m __tests__/export.test.ts [2m([22m[2m7 tests[22m[2m)[22m[32m 13[2mms[22m[39m
 [32m✓[39m __tests__/tasks-utils.test.ts [2m([22m[2m32 tests[22m[2m)[22m[32m 10[2mms[22m[39m
 [32m✓[39m lib/tasks/types.test.ts [2m([22m[2m21 tests[22m[2m)[22m[32m 11[2mms[22m[39m
 [32m✓[39m lib/swagger.test.ts [2m([22m[2m16 tests[22m[2m)[22m[32m 9[2mms[22m[39m
 [32m✓[39m __tests__/not-found.test.tsx [2m([22m[2m2 tests[22m[2m)[22m[32m 3[2mms[22m[39m
